P(-50) = -5463
P(-49) = -5256
P(-48) = -5053
P(-47) = -4854
P(-46) = -4659
P(-45) = -4468
P(-44) = -4281
P(-43) = -4098
P(-42) = -3919
P(-41) = -3744
P(-40) = -3573
P(-39) = -3406
P(-38) = -3243
P(-37) = -3084
P(-36) = -2929
P(-35) = -2778
P(-34) = -2631
P(-33) = -2488
P(-32) = -2349
P(-31) = -2214
P(-30) = -2083
P(-29) = -1956
P(-28) = -1833
P(-27) = -1714
P(-26) = -1599
P(-25) = -1488
P(-24) = -1381
P(-23) = -1278
P(-22) = -1179
P(-21) = -1084
P(-20) = -993
P(-19) = -906
P(-18) = -823
P(-17) = -744
P(-16) = -669
P(-15) = -598
P(-14) = -531
P(-13) = -468
P(-12) = -409
P(-11) = -354
P(-10) = -303
P(-9) = -256
P(-8) = -213
P(-7) = -174
P(-6) = -139
P(-5) = -108
P(-4) = -81
P(-3) = -58
P(-2) = -39
P(-1) = -24
P(0) = 11
P(1) = 12
P(2) = 41
P(3) = 116
P(4) = 255
P(5) = 476
P(6) = 797
P(7) = 1236
P(8) = 1811
P(9) = 2540
P(10) = 3441
P(11) = 4532
P(12) = 5831
P(13) = 7356
P(14) = 9125
P(15) = 11156
P(16) = 13467
P(17) = 16076
P(18) = 19001
P(19) = 22260
P(20) = 25871
P(21) = 29852
P(22) = 34221
P(23) = 38996
P(24) = 44195
P(25) = 49836
P(26) = 55937
P(27) = 62516
P(28) = 69591
P(29) = 77180
P(30) = 85301
P(31) = 93972
P(32) = 103211
P(33) = 113036
P(34) = 123465
P(35) = 134516
P(36) = 146207
P(37) = 158556
P(38) = 171581
P(39) = 185300
P(40) = 199731
P(41) = 214892
P(42) = 230801
P(43) = 247476
P(44) = 264935
P(45) = 283196
P(46) = 302277
P(47) = 322196
P(48) = 342971
P(49) = 364620
P(50) = 387161
P(51) = 410612
P(52) = 434991
P(53) = 460316
P(54) = 486605
P(55) = 513876
P(56) = 542147
P(57) = 571436
P(58) = 601761
P(59) = 633140
P(60) = 665591
P(61) = 699132
P(62) = 733781
P(63) = 769556
P(64) = 806475
P(65) = 844556
P(66) = 883817
P(67) = 924276
P(68) = 965951
P(69) = 1008860
P(70) = 1053021
P(71) = 1098452
P(72) = 1145171
P(73) = 1193196
P(74) = 1242545
P(75) = 1293236
P(76) = 1345287
P(77) = 1398716
P(78) = 1453541
P(79) = 1509780
P(80) = 1567451
P(81) = 1626572
P(82) = 1687161
P(83) = 1749236
P(84) = 1812815
P(85) = 1877916
P(86) = 1944557
P(87) = 2012756
P(88) = 2082531
P(89) = 2153900
P(90) = 2226881
P(91) = 2301492
P(92) = 2377751
P(93) = 2455676
P(94) = 2535285
P(95) = 2616596
P(96) = 2699627
P(97) = 2784396
P(98) = 2870921
P(99) = 2959220
P(100) = 3049311
P(101) = 3141212
P(102) = 3234941
P(103) = 3330516
P(104) = 3427955
P(105) = 3527276
P(106) = 3628497
P(107) = 3731636
P(108) = 3836711
P(109) = 3943740
P(110) = 4052741
P(111) = 4163732
P(112) = 4276731
P(113) = 4391756
P(114) = 4508825
P(115) = 4627956
P(116) = 4749167
P(117) = 4872476
P(118) = 4997901
P(119) = 5125460
P(120) = 5255171
P(121) = 5387052
P(122) = 5521121
P(123) = 5657396
P(124) = 5795895
P(125) = 5936636
P(126) = 6079637
P(127) = 6224916
P(128) = 6372491
P(129) = 6522380
P(130) = 6674601
P(131) = 6829172
P(132) = 6986111
P(133) = 7145436
P(134) = 7307165
P(135) = 7471316
P(136) = 7637907
P(137) = 7806956
P(138) = 7978481
P(139) = 8152500
P(140) = 8329031
P(141) = 8508092
P(142) = 8689701
P(143) = 8873876
P(144) = 9060635
P(145) = 9249996
P(146) = 9441977
P(147) = 9636596
P(148) = 9833871
P(149) = 10033820
P(150) = 10236461
